.next/types/validator.ts(69,39): error TS2307: Cannot find module '../../src/app/gallery/page.js' or its corresponding type declarations.
